[    0.000000] Initializing cgroup subsys cpuset
[    0.000000] Initializing cgroup subsys cpu
[    0.000000] Initializing cgroup subsys cpuacct
[    0.000000] Linux version 4.4.0-59-generic (buildd@lgw01-11) (gcc version 5.4.0 20160609 (Ubuntu 5.4.0-6ubuntu1~16.04.4) ) #80-Ubuntu SMP Fri Jan 6 17:47:47 UTC 2017 (Ubuntu 4.4.0-59.80-generic 4.4.35)
[    0.000000] Command line: BOOT_IMAGE=/boot/vmlinuz-4.4.0-59-generic root=LABEL=cloudimg-rootfs ro console=tty1 console=ttyS0
[    0.000000] KERNEL supported cpus:
[    0.000000]   Intel GenuineIntel
[    0.000000]   AMD AuthenticAMD
[    0.000000]   Centaur CentaurHauls
[    0.000000] x86/fpu: xstate_offset[2]:  576, xstate_sizes[2]:  256
[    0.000000] x86/fpu: Supporting XSAVE feature 0x01: 'x87 floating point registers'
[    0.000000] x86/fpu: Supporting XSAVE feature 0x02: 'SSE registers'
[    0.000000] x86/fpu: Supporting XSAVE feature 0x04: 'AVX registers'
[    0.000000] x86/fpu: Enabled xstate features 0x7, context size is 832 bytes, using 'standard' format.
[    0.000000] x86/fpu: Using 'lazy' FPU context switches.
[    0.000000] e820: BIOS-provided physical RAM map:
[    0.000000] BIOS-e820: [mem 0x0000000000000000-0x000000000009fbff] usable
[    0.000000] BIOS-e820: [mem 0x000000000009fc00-0x000000000009ffff] reserved
[    0.000000] BIOS-e820: [mem 0x00000000000f0000-0x00000000000fffff] reserved
[    0.000000] BIOS-e820: [mem 0x0000000000100000-0x000000003ffeffff] usable
[    0.000000] BIOS-e820: [mem 0x000000003fff0000-0x000000003fffffff] ACPI data
[    0.000000] BIOS-e820: [mem 0x00000000fec00000-0x00000000fec00fff] reserved
[    0.000000] BIOS-e820: [mem 0x00000000fee00000-0x00000000fee00fff] reserved
[    0.000000] BIOS-e820: [mem 0x00000000fffc0000-0x00000000ffffffff] reserved
[    0.000000] NX (Execute Disable) protection: active
[    0.000000] SMBIOS 2.5 present.
[    0.000000] Hypervisor detected: KVM
[    0.000000] e820: last_pfn = 0x3fff0 max_arch_pfn = 0x400000000
[    0.000000] MTRR: Disabled
[    0.000000] x86/PAT: MTRRs disabled, skipping PAT initialization too.
[    0.000000] x86/PAT: Configuration [0-7]: WB  WT  UC- UC  WB  WT  UC- UC  
[    0.000000] CPU MTRRs all blank - virtualized system.
[    0.000000] found SMP MP-table at [mem 0x0009fff0-0x0009ffff] mapped at [ffff88000009fff0]
[    0.000000] Scanning 1 areas for low memory corruption
[    0.000000] RAMDISK: [mem 0x36b76000-0x375b2fff]
[    0.000000] ACPI: Early table checksum verification disabled
[    0.000000] ACPI: RSDP 0x00000000000E0000 000024 (v02 VBOX  )
[    0.000000] ACPI: XSDT 0x000000003FFF0030 00003C (v01 VBOX   VBOXXSDT 00000001 ASL  00000061)
[    0.000000] ACPI: FACP 0x000000003FFF00F0 0000F4 (v04 VBOX   VBOXFACP 00000001 ASL  00000061)
[    0.000000] ACPI: DSDT 0x000000003FFF0470 00210F (v01 VBOX   VBOXBIOS 00000002 INTL 20100528)
[    0.000000] ACPI: FACS 0x000000003FFF0200 000040
[    0.000000] ACPI: FACS 0x000000003FFF0200 000040
[    0.000000] ACPI: APIC 0x000000003FFF0240 00005C (v02 VBOX   VBOXAPIC 00000001 ASL  00000061)
[    0.000000] ACPI: SSDT 0x000000003FFF02A0 0001CC (v01 VBOX   VBOXCPUT 00000002 INTL 20100528)
[    0.000000] No NUMA configuration found
[    0.000000] Faking a node at [mem 0x0000000000000000-0x000000003ffeffff]
[    0.000000] NODE_DATA(0) allocated [mem 0x3ffeb000-0x3ffeffff]
[    0.000000] kvm-clock: Using msrs 4b564d01 and 4b564d00
[    0.000000] kvm-clock: cpu 0, msr 0:3ffe3001, primary cpu clock
[    0.000000] kvm-clock: using sched offset of 3611369619 cycles
[    0.000000] clocksource: kvm-clock: mask: 0xffffffffffffffff max_cycles: 0x1cd42e4dffb, max_idle_ns: 881590591483 ns
[    0.000000] Zone ranges:
[    0.000000]   DMA      [mem 0x0000000000001000-0x0000000000ffffff]
[    0.000000]   DMA32    [mem 0x0000000001000000-0x000000003ffeffff]
[    0.000000]   Normal   empty
[    0.000000]   Device   empty
[    0.000000] Movable zone start for each node
[    0.000000] Early memory node ranges
[    0.000000]   node   0: [mem 0x0000000000001000-0x000000000009efff]
[    0.000000]   node   0: [mem 0x0000000000100000-0x000000003ffeffff]
[    0.000000] Initmem setup node 0 [mem 0x0000000000001000-0x000000003ffeffff]
[    0.000000] ACPI: PM-Timer IO Port: 0x4008
[    0.000000] IOAPIC[0]: apic_id 2, version 32, address 0xfec00000, GSI 0-23
[    0.000000] ACPI: INT_SRC_OVR (bus 0 bus_irq 0 global_irq 2 dfl dfl)
[    0.000000] ACPI: INT_SRC_OVR (bus 0 bus_irq 9 global_irq 9 high level)
[    0.000000] Using ACPI (MADT) for SMP configuration information
[    0.000000] smpboot: Allowing 2 CPUs, 0 hotplug CPUs
[    0.000000] PM: Registered nosave memory: [mem 0x00000000-0x00000fff]
[    0.000000] PM: Registered nosave memory: [mem 0x0009f000-0x0009ffff]
[    0.000000] PM: Registered nosave memory: [mem 0x000a0000-0x000effff]
[    0.000000] PM: Registered nosave memory: [mem 0x000f0000-0x000fffff]
[    0.000000] e820: [mem 0x40000000-0xfebfffff] available for PCI devices
[    0.000000] Booting paravirtualized kernel on KVM
[    0.000000] clocksource: refined-jiffies: mask: 0xffffffff max_cycles: 0xffffffff, max_idle_ns: 7645519600211568 ns
[    0.000000] setup_percpu: NR_CPUS:512 nr_cpumask_bits:512 nr_cpu_ids:2 nr_node_ids:1
[    0.000000] PERCPU: Embedded 33 pages/cpu @ffff88003fc00000 s98264 r8192 d28712 u1048576
[    0.000000] PV qspinlock hash table entries: 256 (order: 0, 4096 bytes)
[    0.000000] Built 1 zonelists in Node order, mobility grouping on.  Total pages: 257913
[    0.000000] Policy zone: DMA32
[    0.000000] Kernel command line: BOOT_IMAGE=/boot/vmlinuz-4.4.0-59-generic root=LABEL=cloudimg-rootfs ro console=tty1 console=ttyS0
[    0.000000] PID hash table entries: 4096 (order: 3, 32768 bytes)
[    0.000000] Memory: 1002096K/1048120K available (8436K kernel code, 1291K rwdata, 3960K rodata, 1488K init, 1316K bss,46024K reserved, 0K cma-reserved)
[    0.000000] SLUB: HWalign=64, Order=0-3, MinObjects=0, CPUs=2, Nodes=1
[    0.000000] Hierarchical RCU implementation.
[    0.000000] 	Build-time adjustment of leaf fanout to 64.
[    0.000000] 	RCU restricting CPUs from NR_CPUS=512 to nr_cpu_ids=2.
[    0.000000] RCU: Adjusting geometry for rcu_fanout_leaf=64, nr_cpu_ids=2
[    0.000000] NR_IRQS:33024 nr_irqs:440 16
[    0.000000] Console: colour VGA+ 80x25
[    0.000000] console [tty1] enabled
[    0.000000] console [ttyS0] enabled
[    0.000000] tsc: Detected 2294.796 MHz processor
[    4.952948] Calibrating delay loop (skipped) preset value.. 4589.59 BogoMIPS (lpj=9179184)
[    5.078458] pid_max: default: 32768 minimum: 301
[    5.091284] ACPI: Core revision 20150930
[    5.100709] ACPI: 2 ACPI AML tables successfully acquired and loaded
[    5.217766] Security Framework initialized
[    5.261243] Yama: becoming mindful.
[    5.315370] AppArmor: AppArmor initialized
[    5.373861] Dentry cache hash table entries: 131072 (order: 8, 1048576 bytes)
[    5.424439] Inode-cache hash table entries: 65536 (order: 7, 524288 bytes)
[    5.544680] Mount-cache hash table entries: 2048 (order: 2, 16384 bytes)
[    5.671075] Mountpoint-cache hash table entries: 2048 (order: 2, 16384 bytes)
[    5.733882] Initializing cgroup subsys io
[    5.745857] Initializing cgroup subsys memory
[    5.747247] Initializing cgroup subsys devices
[    5.755661] Initializing cgroup subsys freezer
[    5.768566] Initializing cgroup subsys net_cls
[    5.774420] Initializing cgroup subsys perf_event
[    5.775846] Initializing cgroup subsys net_prio
[    5.782612] Initializing cgroup subsys hugetlb
[    5.783943] Initializing cgroup subsys pids
[    5.785422] CPU: Physical Processor ID: 0
[    5.786988] CPU: Processor Core ID: 0
[    5.796433] mce: CPU supports 0 MCE banks
[    5.797711] Last level iTLB entries: 4KB 512, 2MB 8, 4MB 8
[    5.823050] Last level dTLB entries: 4KB 512, 2MB 32, 4MB 32, 1GB 0
[    5.832227] Freeing SMP alternatives memory: 32K (ffffffff820b8000 - ffffffff820c0000)
[    5.859913] ftrace: allocating 32064 entries in 126 pages
[    5.922511] smpboot: APIC(0) Converting physical 0 to logical package 0
[    5.931392] smpboot: Max logical packages: 1
[    5.959001] x2apic enabled
[    5.964356] Switched APIC routing to physical x2apic.
[    5.974387] ..TIMER: vector=0x30 apic1=0 pin1=2 apic2=-1 pin2=-1
[    6.095769] APIC calibration not consistent with PM-Timer: 101ms instead of 100ms
[    6.099802] APIC delta adjusted to PM-Timer: 6239036 (6308721)
[    6.103965] smpboot: CPU0: Intel(R) Core(TM) i5-2410M CPU @ 2.30GHz (family: 0x6, model: 0x2a, stepping: 0x7)
[    6.109062] Performance Events: unsupported p6 CPU model 42 no PMU driver, software events only.
[    6.123993] KVM setup paravirtual spinlock
[    6.129492] x86: Booting SMP configuration:
[    6.137887] .... node  #0, CPUs:      #1
[    6.141859] kvm-clock: cpu 1, msr 0:3ffe3041, secondary cpu clock
[    6.167496] mce: CPU supports 0 MCE banks
[    6.181776] x86: Booted up 1 node, 2 CPUs
[    6.183297] smpboot: Total of 2 processors activated (9179.18 BogoMIPS)
[    6.189219] devtmpfs: initialized
[    6.193599] evm: security.selinux
[    6.196173] evm: security.SMACK64
[    6.197518] evm: security.SMACK64EXEC
[    6.198942] evm: security.SMACK64TRANSMUTE
[    6.200425] evm: security.SMACK64MMAP
[    6.201866] evm: security.ima
[    6.203071] evm: security.capability
[    6.204731] clocksource: jiffies: mask: 0xffffffff max_cycles: 0xffffffff, max_idle_ns: 7645041785100000 ns
[    6.223173] pinctrl core: initialized pinctrl subsystem
[    6.231922] RTC time: 10:34:13, date: 02/15/17
[    6.247160] NET: Registered protocol family 16
[    6.260404] cpuidle: using governor ladder
[    6.272139] cpuidle: using governor menu
[    6.288548] PCCT header not found.
[    6.300421] ACPI: bus type PCI registered
[    6.306238] acpiphp: ACPI Hot Plug PCI Controller Driver version: 0.5
[    6.309126] PCI: Using configuration type 1 for base access
[    6.325198] ACPI: Added _OSI(Module Device)
[    6.331558] ACPI: Added _OSI(Processor Device)
[    6.334771] ACPI: Added _OSI(3.0 _SCP Extensions)
[    6.346036] ACPI: Added _OSI(Processor Aggregator Device)
[    6.352258] ACPI: Executed 1 blocks of module-level executable AML code
[    6.362127] ACPI: Interpreter enabled
[    6.369472] ACPI: (supports S0 S5)
[    6.375379] ACPI: Using IOAPIC for interrupt routing
[    6.378455] PCI: Using host bridge windows from ACPI; if necessary, use "pci=nocrs" and report a bug
[    6.389082] ACPI: PCI Root Bridge [PCI0] (domain 0000 [bus 00-ff])
[    6.405434] acpi PNP0A03:00: _OSC: OS supports [ASPM ClockPM Segments MSI]
[    6.412748] acpi PNP0A03:00: _OSC failed (AE_NOT_FOUND); disabling ASPM
[    6.417028] acpi PNP0A03:00: fail to add MMCONFIG information, can't access extended PCI configuration space under this bridge.
[    6.423795] PCI host bridge to bus 0000:00
[    6.426873] pci_bus 0000:00: root bus resource [io  0x0000-0x0cf7 window]
[    6.428867] pci_bus 0000:00: root bus resource [io  0x0d00-0xffff window]
[    6.433677] pci_bus 0000:00: root bus resource [mem 0x000a0000-0x000bffff window]
[    6.440907] pci_bus 0000:00: root bus resource [mem 0x40000000-0xffdfffff window]
[    6.444109] pci_bus 0000:00: root bus resource [bus 00-ff]
[    6.450511] pci 0000:00:01.1: legacy IDE quirk: reg 0x10: [io  0x01f0-0x01f7]
[    6.462079] pci 0000:00:01.1: legacy IDE quirk: reg 0x14: [io  0x03f6]
[    6.466340] pci 0000:00:01.1: legacy IDE quirk: reg 0x18: [io  0x0170-0x0177]
[    6.471647] pci 0000:00:01.1: legacy IDE quirk: reg 0x1c: [io  0x0376]
[    6.499865] pci 0000:00:07.0: quirk: [io  0x4000-0x403f] claimed by PIIX4 ACPI
[    6.524678] pci 0000:00:07.0: quirk: [io  0x4100-0x410f] claimed by PIIX4 SMB
[    6.545632] ACPI: PCI Interrupt Link [LNKA] (IRQs 5 9 10 *11)
[    6.550222] ACPI: PCI Interrupt Link [LNKB] (IRQs 5 9 10 *11)
[    6.561234] ACPI: PCI Interrupt Link [LNKC] (IRQs 5 9 *10 11)
[    6.570909] ACPI: PCI Interrupt Link [LNKD] (IRQs 5 *9 10 11)
[    6.576245] ACPI: Enabled 2 GPEs in block 00 to 07
[    6.581617] vgaarb: setting as boot device: PCI:0000:00:02.0
[    6.601707] vgaarb: device added: PCI:0000:00:02.0,decodes=io+mem,owns=io+mem,locks=none
[    6.612565] vgaarb: loaded
[    6.614629] vgaarb: bridge control possible 0000:00:02.0
[    6.616864] SCSI subsystem initialized
[    6.627033] ACPI: bus type USB registered
[    6.630002] usbcore: registered new interface driver usbfs
[    6.632130] usbcore: registered new interface driver hub
[    6.636794] usbcore: registered new device driver usb
[    6.640150] PCI: Using ACPI for IRQ routing
[    6.652327] NetLabel: Initializing
[    6.653666] NetLabel:  domain hash size = 128
[    6.655229] NetLabel:  protocols = UNLABELED CIPSOv4
[    6.656984] NetLabel:  unlabeled traffic allowed by default
[    6.659076] amd_nb: Cannot enumerate AMD northbridges
[    6.671556] clocksource: Switched to clocksource kvm-clock
[    6.690418] AppArmor: AppArmor Filesystem Enabled
[    6.701529] pnp: PnP ACPI init
[    6.742064] pnp: PnP ACPI: found 3 devices
[    6.774059] clocksource: acpi_pm: mask: 0xffffff max_cycles: 0xffffff, max_idle_ns: 2085701024 ns
[    6.806594] NET: Registered protocol family 2
[    6.836815] TCP established hash table entries: 8192 (order: 4, 65536 bytes)
[    6.838754] TCP bind hash table entries: 8192 (order: 5, 131072 bytes)
[    6.841321] TCP: Hash tables configured (established 8192 bind 8192)
[    7.062610] UDP hash table entries: 512 (order: 2, 16384 bytes)
[    7.257539] UDP-Lite hash table entries: 512 (order: 2, 16384 bytes)
[    7.433912] NET: Registered protocol family 1
[    7.483670] pci 0000:00:00.0: Limiting direct PCI/PCI transfers
[    7.578428] pci 0000:00:01.0: Activating ISA DMA hang workarounds
[    7.643148] Trying to unpack rootfs image as initramfs...
[   10.062483] Freeing initrd memory: 10484K (ffff880036b76000 - ffff8800375b3000)
[   10.092526] RAPL PMU detected, API unit is 2^-32 Joules, 3 fixed counters 10737418240 ms ovfl timer
[   10.363244] hw unit of domain pp0-core 2^-0 Joules
[   10.468274] hw unit of domain package 2^-0 Joules
[   10.469732] hw unit of domain pp1-gpu 2^-0 Joules
[   10.471199] platform rtc_cmos: registered platform RTC device (no PNP device found)
[   10.600640] Scanning for low memory corruption every 60 seconds
[   10.794223] futex hash table entries: 512 (order: 3, 32768 bytes)
[   10.817343] audit: initializing netlink subsys (disabled)
[   10.828378] audit: type=2000 audit(1487154857.551:1): initialized
[   10.844811] Initialise system trusted keyring
[   10.852811] HugeTLB registered 2 MB page size, pre-allocated 0 pages
[   10.992611] zbud: loaded
[   11.052452] VFS: Disk quotas dquot_6.6.0
[   11.097921] VFS: Dquot-cache hash table entries: 512 (order 0, 4096 bytes)
[   11.105566] squashfs: version 4.0 (2009/01/31) Phillip Lougher
[   11.107301] fuse init (API version 7.23)
[   11.111822] Key type big_key registered
[   11.174500] Allocating IMA MOK and blacklist keyrings.
[   11.233206] Key type asymmetric registered
[   11.247202] Asymmetric key parser 'x509' registered
[   11.248427] Block layer SCSI generic (bsg) driver version 0.4 loaded (major 249)
[   11.250264] io scheduler noop registered
[   11.284698] io scheduler deadline registered (default)
[   11.347577] io scheduler cfq registered
[   11.416595] pci_hotplug: PCI Hot Plug PCI Core version: 0.5
[   11.508221] tsc: Refined TSC clocksource calibration: 2294.796 MHz
[   11.509521] clocksource: tsc: mask: 0xffffffffffffffff max_cycles: 0x211400f960c, max_idle_ns: 440795231420 ns
[   11.512246] pciehp: PCI Express Hot Plug Controller Driver version: 0.4
[   11.531562] ACPI: AC Adapter [AC] (off-line)
[   11.532667] input: Power Button as /devices/LNXSYSTM:00/LNXPWRBN:00/input/input0
[   11.534417] ACPI: Power Button [PWRF]
[   11.619740] input: Sleep Button as /devices/LNXSYSTM:00/LNXSLPBN:00/input/input1
[   11.835657] ACPI: Sleep Button [SLPF]
[   11.891970] GHES: HEST is not enabled!
[   11.892940] ACPI: Battery Slot [BAT0] (battery present)
[   11.896333] Serial: 8250/16550 driver, 32 ports, IRQ sharing enabled
[   11.928073] 00:02: ttyS0 at I/O 0x3f8 (irq = 4, base_baud = 115200) is a 16550A
[   12.015616] Linux agpgart interface v0.103
[   12.028978] brd: module loaded
[   12.038805] loop: module loaded
[   12.076918] scsi host0: ata_piix
[   12.089379] scsi host1: ata_piix
[   12.094117] ata1: PATA max UDMA/33 cmd 0x1f0 ctl 0x3f6 bmdma 0xd000 irq 14
[   12.098654] ata2: PATA max UDMA/33 cmd 0x170 ctl 0x376 bmdma 0xd008 irq 15
[   12.102231] libphy: Fixed MDIO Bus: probed
[   12.168217] tun: Universal TUN/TAP device driver, 1.6
[   12.264810] tun: (C) 1999-2004 Max Krasnyansky <maxk@qualcomm.com>
[   12.455774] PPP generic driver version 2.4.2
[   12.482657] ehci_hcd: USB 2.0 'Enhanced' Host Controller (EHCI) Driver
[   12.489497] ehci-pci: EHCI PCI platform driver
[   12.494954] ehci-platform: EHCI generic platform driver
[   12.497634] ohci_hcd: USB 1.1 'Open' Host Controller (OHCI) Driver
[   12.499363] ohci-pci: OHCI PCI platform driver
[   12.589220] oi-platform: OHCI generic platform driver
[   12.754509] uhci_hcd: USB Universal Host Controller Interface driver
[   12.817025] i8042: PNP: PS/2 Controller [PNP0303:PS2K,PNP0f03:PS2M] at 0x60,0x64 irq 1,12
[   12.864195] serio: i8042 KBD port at 0x60,0x64 irq 1
[   12.866435] serio: i8042 AUX port at 0x60,0x64 irq 12
[   12.869666] mousedev: PS/2 mouse device common for all mice
[   12.872615] input: AT Translated Set 2 keyboard as /devices/platform/i8042/serio0/input/input2
[   12.875971] rtc_cmos rtc_cmos: rtc core: registered rtc_cmos as rtc0
[   12.877483] rtc_cmos rtc_cmos: alarms up to one day, 114 bytes nvram
[   12.878829] i2c /dev entries driver
[   12.879753] device-mapper: uevent: version 1.0.3
[   12.881980] device-mapper: ioctl: 4.34.0-ioctl (2015-10-28) initialised: dm-devel@redhat.com
[   12.883893] ledtrig-cpu: registered to indicate activity on CPUs
[   12.887173] NET: Registered protocol family 10
[   12.889644] NET: Registered protocol family 17
[   12.890691] Key type dns_resolver registered
[   12.893306] microcode: CPU0 sig=0x206a7, pf=0x10, revision=0x0
[   12.894969] microcode: CPU1 sig=0x206a7, pf=0x10, revision=0x0
[   12.897575] microcode: Microcode Update Driver: v2.01 <tigran@aivazian.fsnet.co.uk>, Peter Oruba
[   12.901271] registered taskstats version 1
[   12.902270] Loading compiled-in X.509 certificates
[   12.904275] Loaded X.509 cert 'Build time autogenerated kernel key: 6ffa6bfaa152a74cd2b6aa1e188cb999d8f5632b'
[   12.906464] zswap: loaded using pool lzo/zbud
[   12.909441] Key type trusted registered
[   12.944402] Key type encrypted registered
[   12.951520] AppArmor: AppArmor sha1 policy hashing enabled
[   12.959881] ima: No TPM chip found, activating TPM-bypass!
[   12.965389] evm: HMAC attrs: 0x1
[   12.966898]   Magic number: 5:191:578
[   12.975190] platform pcspkr: hash matches
[   12.983160] rtc_cmos rtc_cmos: setting system clock to 2017-02-15 10:34:20 UTC (1487154860)
[   12.990338] BIOS EDD facility v0.16 2004-Jun-25, 0 devices found
[   12.992018] EDD information not available.
[   12.996168] Freeing unused kernel memory: 1488K (ffffffff81f44000 - ffffffff820b8000)
[   13.005369] Write protecting the kernel read-only data: 14336k
[   13.028566] Freeing unused kernel memory: 1792K (ffff880001840000 - ffff880001a00000)
[   13.115958] Freeing unused kernel memory: 136K (ffff880001dde000 - ffff880001e00000)
Loading, please [   13.262749] random: systemd-udevd: uninitialized urandom read (16 bytes read, 3 bits of entropy available)
wait...
starting version 229
[   13.263373] random: udevadm: uninitialized urandom read (16 bytes read, 3 bits of entropy available)
[   13.263417] random: udevadm: uninitialized urandom read (16 bytes read, 3 bits of entropy available)
[   13.263553] random: udevadm: uninitialized urandom read (16 bytes read, 3 bits of entropy available)
[   13.263606] random: udevadm: uninitialized urandom read (16 bytes read, 3 bits of entropy available)
[   13.263660] random: udevadm: uninitialized urandom read (16 bytes read, 3 bits of entropy available)
[   13.263710] random: udevadm: uninitialized urandom read (16 bytes read, 3 bits of entropy available)
[   13.263761] random: udevadm: uninitialized urandom read (16 bytes read, 3 bits of entropy available)
[   13.263811] random: udevadm: uninitialized urandom read (16 bytes read, 3 bits of entropy available)
[   13.263923] random: udevadm: uninitialized urandom read (16 bytes read, 3 bits of entropy available)
[   14.040637] e1000: Intel(R) PRO/1000 Network Driver - version 7.3.21-k8-NAPI
[   14.086540] e1000: Copyright (c) 1999-2006 Intel Corporation.
[   14.138504] Fusion MPT base driver 3.04.20
[   14.148578] Copyright (c) 1999-2008 LSI Corporation
[   14.156128] Fusion MPT SPI Host driver 3.04.20
[   14.167753] mptbase: ioc0: Initiating bringup
[   14.184775] AVX version of gcm_enc/dec engaged.
[   14.236154] AES CTR mode by8 optimization enabled
[   14.241608] ioc0: LSI53C1030 A0: Capabilities={Initiator}
[   14.403339] input: ImExPS/2 Generic Explorer Mouse as /devices/platform/i8042/serio1/input/input4
[   14.408551] scsi host2: ioc0: LSI53C1030 A0, FwRev=00000000h, Ports=1, MaxQ=256, IRQ=20
[   14.532394] scsi 2:0:0:0: Direct-Access     VBOX     HARDDISK         1.0  PQ: 0 ANSI: 5
[   14.624096] scsi target2:0:0: Beginning Domain Validation
[   14.641551] scsi target2:0:0: Domain Validation skipping write tests
[   14.643384] scsi target2:0:0: Ending Domain Validation
[   14.645027] scsi target2:0:0: asynchronous
[   14.647721] scsi 2:0:1:0: Direct-Access     VBOX     HARDDISK         1.0  PQ: 0 ANSI: 5
[   14.700991] scsi target2:0:1: Beginning Domain Validation
[   14.721610] scsi target2:0:1: Domain Validation skipping write tests
[   14.723406] scsi target2:0:1: Ending Domain Validation
[   14.725013] scsi target2:0:1: asynchronous
[   14.823234] sd 2:0:0:0: Attached scsi generic sg0 type 0
[   14.854621] sd 2:0:0:0: [sda] 20971520 512-byte logical blocks: (10.7 GB/10.0 GiB)
[   14.905256] sd 2:0:1:0: [sdb] 20480 512-byte logical blocks: (10.5 MB/10.0 MiB)
[   14.905564] sd 2:0:0:0: [sda] Write Protect is off
[   14.905681] sd 2:0:0:0: [sda] Incomplete mode parameter data
[   14.905682] sd 2:0:0:0: [sda] Assuming drive cache: write through
[   14.907274]  sda: sda1
[   14.907945] sd 2:0:0:0: [sda] Attached SCSI disk
[   14.915783] sd 2:0:1:0: Attached scsi generic sg1 type 0
[   14.924383] sd 2:0:1:0: [sdb] Write Protect is off
[   14.925750] sd 2:0:1:0: [sdb] Incomplete mode parameter data
[   14.926989] sd 2:0:1:0: [sdb] Assuming drive cache: write through
[   14.940955] e1000 0000:00:03.0 eth0: (PCI:33MHz:32-bit) 02:29:99:d5:6c:03
[   14.949560] e1000 0000:00:03.0 eth0: Intel(R) PRO/1000 Network Connection
[   15.012253] sd 2:0:1:0: [sdb] Attached SCSI disk
[   15.365256] e1000 0000:00:08.0 eth1: (PCI:33MHz:32-bit) 08:00:27:6b:08:74
[   15.453186] e1000 0000:00:08.0 eth1: Intel(R) PRO/1000 Network Connection
[   15.456627] e1000 0000:00:08.0 enp0s8: renamed from eth1
[   15.503972] e1000 0000:00:03.0 enp0s3: renamed from eth0
[   17.092766] floppy0: no floppy controllers found
Begin: Loading essential drivers[   18.553238] md: linear personality registered for level -1
 ... [   18.561469] md: multipath personality registered for level -4
[   18.637234] md: raid0 personality registered for level 0
[   18.660469] md: raid1 personality registered for level 1
[   18.771835] raid6: sse2x1   gen()  7099 MB/s
[   18.943678] raid6: sse2x1   xor()  5504 MB/s
[   19.103743] raid6: sse2x2   gen()  8445 MB/s
[   19.268351] raid6: sse2x2   xor()  6383 MB/s
[   19.423797] raid6: sse2x4   gen()  9973 MB/s
[   19.587905] raid6: sse2x4   xor()  7366 MB/s
[   19.670923] raid6: using algorithm sse2x4 gen() 9973 MB/s
[   19.709514] raid6: .... xor() 7366 MB/s, rmw enabled
[   19.746996] raid6: using ssse3x2 recovery algorithm
[   19.837984] xor: automatically using best checksumming function:
[   19.899598]    avx       : 14603.000 MB/sec
[   19.945318] async_tx: api initialized (async)
[   20.025468] md: raid6 personality registered for level 6
[   20.082920] md: raid5 personality registered for level 5
[   20.107712] md: raid4 personality registered for level 4
[   20.138307] md: raid10 personality registered for level 10
done.
Begin: Running /scripts/init-premount ... done.
Begin: Mounting root file sys[   20.262791] Btrfs loaded
tem ... Begin: Running /scripts/local-top ... done.
Begin: Running /scripts/local-premount ... Scanning for Btrfs filesystems
done.
Warning: fsck not present, so skipping root file[   20.523239] EXT4-fs (sda1): mounted filesystem with ordered data mode. Opts: (null)
 system
done.
Begin: Running /scripts/local-bottom ... done.
Begin: Running /scripts/init-bottom ... done.
[   21.349791] random: nonblocking pool is initialized
[   21.767381] systemd[1]: systemd 229 running in system mode. (+PAM +AUDIT +SELINUX +IMA +APPARMOR +SMACK +SYSVINIT +UTMP +LIBCRYPTSETUP +GCRYPT +GNUTLS +ACL +XZ -LZ4 +SECCOMP +BLKID +ELFUTILS +KMOD -IDN)
[   21.957512] systemd[1]: Detected virtualization oracle.
[   21.960821] systemd[1]: Detected architecture x86-64.

Welcome to [1mUbuntu 16.04.1 LTS[0m!

[   22.099056] systemd[1]: Set hostname to <ubuntu>.
[   22.189017] systemd[1]: Initializing machine ID from random generator.
[   22.329313] systemd[1]: Installed transient /etc/machine-id file.
[   23.444742] systemd[1]: Listening on Journal Audit Socket.
[[0;32m  OK  [0m] Listening on Journal Audit Socket.
[   23.592957] systemd[1]: Reached target User and Group Name Lookups.
[[0;32m  OK  [0m] Reached target User and Group Name Lookups.
[   23.744073] systemd[1]: Listening on Syslog Socket.
[[0;32m  OK  [0m] Listening on Syslog Socket.
[   23.974928] systemd[1]: Created slice User and Session Slice.
[[0;32m  OK  [0m] Created slice User and Session Slice.
[   24.141305] systemd[1]: Listening on udev Control Socket.
[[0;32m  OK  [0m] Listening on udev Control Socket.
[   24.244350] systemd[1]: Listening on /dev/initctl Compatibility Named Pipe.
[[0;32m  OK  [0m] Listening on /dev/initctl Compatibility Named Pipe.
[   24.312699] systemd[1]: Created slice System Slice.
[[0;32m  OK  [0m] Created slice System Slice.
[   24.355597] systemd[1]: Started Forward Password Requests to Wall Directory Watch.
[[0;32m  OK  [0m] Started Forward Password Requests to Wall Directory Watch.
[   24.464240] systemd[1]: Reached target Slices.
[[0;32m  OK  [0m] Reached target Slices.
[   24.529313] systemd[1]: Listening on LVM2 metadata daemon socket.
[[0;32m  OK  [0m] Listening on LVM2 metadata daemon socket.
[   24.693186] systemd[1]: Listening on Device-mapper event daemon FIFOs.
[[0;32m  OK  [0m] Listening on Device-mapper event daemon FIFOs.
[   24.844375] systemd[1]: Reached target Swap.
[[0;32m  OK  [0m] Reached target Swap.
[   24.902664] systemd[1]: Listening on LVM2 poll daemon socket.
[[0;32m  OK  [0m] Listening on LVM2 poll daemon socket.
[   24.940806] systemd[1]: Listening on udev Kernel Socket.
[[0;32m  OK  [0m] Listening on udev Kernel Socket.
[   25.012200] systemd[1]: Created slice system-serial\x2dgetty.slice.
[[0;32m  OK  [0m] Created slice system-serial\x2dgetty.slice.
[   25.137564] systemd[1]: Listening on Journal Socket.
[[0;32m  OK  [0m] Listening on Journal Socket.
[   25.200821] systemd[1]: Starting Create list of required static device nodes for the current kernel...
         Starting Create list of required st... nodes for the current kernel...
[   25.392548] systemd[1]: Starting Uncomplicated firewall...
         Starting Uncomplicated firewall...
[   25.419083] systemd[1]: Mounting Huge Pages File System...
         Mounting Huge Pages File System...
[   25.500937] systemd[1]: Mounting POSIX Message Queue File System...
         Mounting POSIX Message Queue File System...
[   25.551938] systemd[1]: Starting Remount Root and Kernel File Systems...
         Starting Remount Root and Kernel File Systems...
[   25.568330] systemd[1]: Starting Nameserver information manager...
         [   25.575218] EXT4-fs (sda1): re-mounted. Opts: (null)
Starting Nameserver information manager...
[   25.704244] systemd[1]: Starting Monitoring of LVM2 mirrors, snapshots etc. using dmeventd or progress polling...
         Starting Monitoring of LVM2 mirrors... dmeventd or progress polling...
[   25.944247] systemd[1]: Starting Set console keymap...
         Starting Set console keymap...
[   26.108210] systemd[1]: Mounting Debug File System...
         Mounting Debug File System...
[   26.134934] systemd[1]: Set up automount Arbitrary Executable File Formats File System Automount Point.
[[0;32m  OK  [0m] Set up automount Arbitrary Executab...ats File System Automount Point.
[   26.359330] systemd[1]: Listening on Journal Socket (/dev/log).
[[0;32m  OK  [0m] Listening on Journal Socket (/dev/log).
[   26.548466] systemd[1]: Reached target Encrypted Volumes.
[[0;32m  OK  [0m] Reached target Encrypted Volumes.
[   26.653153] systemd[1]: Starting Load Kernel Modules...
         Starting Load Kernel Modules...
[   26.676540] systemd[1]: Starting Journal Service...
         Starting Journal Service...
[   26.708519] systemd[1]: Mounted POSIX Message Queue File System.
[[0;32m  OK  [0m] Mounted POSIX Message Queue File System.
[   26.728620] systemd[1]: Mounted Huge Pages File System.
[[0;32m  OK  [0m] Mounted Huge Pages File System.
[   26.796771] systemd[1]: Mounted Debug File System.
[[0;32m  OK  [0[   26.813260] Loading iSCSI transport class v2.0-870.
m] Mounted Debug File System.
[   27.013917] systemd[1]: Started Create list of required static device nodes for the current kernel.
[[0;32m  OK  [[   27.073860] iscsi: registered transport (tcp)
0m] Started Create list of required sta...ce nodes for the current kernel.
[   27.173265] systemd[1]: Started Uncomplicated firewall.
[[0;32m  OK  [0m] Started Uncomplicated firewall.
[   27.216038] systemd[1]: Started Remount Root and Kernel File Systems.
[[0;32m  OK  [0m] Started Remount Root and Kernel File Systems.
[   27.284452] systemd[1]: Started Set console keymap.
[[0;32m  OK  [0m] Started Set console keymap.[   27.294614] iscsi: registered transport (iser)

[   27.300678] systemd[1]: Started Load Kernel Modules.
[[0;32m  OK  [0m] Started Load Kernel Modules.
[   27.460586] systemd[1]: Started Nameserver information manager.
[[0;32m  OK  [0m] Started Nameserver information manager.
[   27.649842] systemd[1]: Started Journal Service.
[[0;32m  OK  [0m] Started Journal Service.
[[0;32m  OK  [0m] Started LVM2 metadata daemon.
         Mounting FUSE Control File System...
         Starting Apply Kernel Variables...
         Starting Flush Journal to Persistent Storage...
         Starting Load/Save Random Seed...
         Starting Initial cloud-init job (pre-networking)...
         Starting udev Coldplug all Devices...
         Starting Create Static Device Nodes in /dev...
[[0;32m  OK  [0m] Mounted FUSE Control File System.
[[0;32m  OK  [0m] Started Apply Kernel Variables.
[[0;32m  OK  [0m] Started Load/Save Random Seed.
[[0;32m  OK  [0m] Started udev Coldplug all Devices.
[[0;32m  OK  [0m] Started Flush Journal to Persistent Storage.
[[0;32m  OK  [0m] Started Monitoring of LVM2 mirrors,...ng dmeventd or progress polling.
[[0;32m  OK  [0m] Started Create Static Device Nodes in /dev.
         Starting udev Kernel Device Manager...
[[0;32m  OK  [0m] Started udev Kernel Device Manager.
[[0;32m  OK  [0m] Started Dispatch Password Requests to Console Directory Watch.
[[0;32m  OK  [0m] Reached target Local File Systems (Pre).
[[0;32m  OK  [0m] Reached target Local File Systems.
         Starting Tell Plymouth To Write Out Runtime Data...
         Starting Set console font and keymap...
         Starting LSB: AppArmor initialization...
         Starting Create Volatile Files and Directories...
         Starting Commit a transient machine-id on disk...
[[0;32m  OK  [0m] Found device /dev/ttyS0.
[[0;32m  OK  [0m] Started Tell Plymouth To Write Out Runtime Data.
[[0;32m  OK  [0m] Started Commit a transient machine-id on disk.
[[0;32m  OK  [0m] Started Create Volatile Files and Directories.
         Starting Update UTMP about System Boot/Shutdown...
[[0;32m  OK  [0m] Reached target System Time Synchronized.
[[0;32m  OK  [0m] Started Update UTMP about System Boot/Shutdown.
[[0;32m  OK  [0m] Started LSB: AppArmor initialization.
[[0;32m  OK  [0m] Listening on Load/Save RF Kill Switch Status /dev/rfkill Watch.
[[0;32m  OK  [0m] Started Set console font and keymap.
[[0;32m  OK  [0m] Created slice system-getty.slice.
[   32.061161] cloud-init[469]: Cloud-init v. 0.7.8 running 'init-local' at Wed, 15 Feb 2017 10:34:44 +0000. Up 30.91 seconds.
[[0;32m  OK  [0m] Started Initial cloud-init job (pre-networking).
[[0;32m  OK  [0m] Reached target Network (Pre).
         Starting Raise network interfaces...
[[0;32m  OK  [0m] Started Raise network interfaces.
[[0;32m  OK  [0m] Reached target Network.
         Starting Initial cloud-init job (metadata service crawler)...
[   36.049743] cloud-init[1057]: Cloud-init v. 0.7.8 running 'init' at Wed, 15 Feb 2017 10:34:47 +0000. Up 33.65 seconds.
[   36.198002] cloud-init[1057]: ci-info: ++++++++++++++++++++++++++++++++++++++Net device info++++++++++++++++++++++++++++++++++++++
[   36.199272] cloud-init[1057]: ci-info: +--------+-------+----------------------------+---------------+-------+-------------------+
[[0;32m  OK  [0m] Started Initial cloud-init job (metadata service crawler).
[   36.200404] cloud-init[1057]: ci-info: | Device |   Up  |          Address           |      Mask     | Scope |     Hw-Address    |
[   36.409403] cloud-init[1057]: ci-info: +--------+-------+----------------------------+---------------+-------+-------------------+
[   36.410888] cloud-init[1057]: ci-info: | enp0s8 | False |             .              |       .       |   .   | 08:00:27:6b:08:74 |
[[0;32m  OK  [0m] Reached target Network is Online.
[   36.411775] cloud-init[1057]: ci-info: | enp0s3 |  True |         10.0.2.15          | 255.255.255.0 |   .   | 02:29:99:d5:6c:03 |
[   36.561320] cloud-init[1057]: ci-info: | enp0s3 |  True | fe80::29:99ff:fed5:6c03/64 |       .       |  link | 02:29:99:d5:6c:03 |
[   36.562946] cloud-init[1057]: ci-info: |   lo   |  True |         127.0.0.1          |   255.0.0.0   |   .   |         .         |
         Starting iSCSI initiator daemon (iscsid)...
[   36.563794] cloud-init[1057]: ci-info: |   lo   |  True |          ::1/128           |       .       |  host |         .         |
[   36.694339] cloud-init[1057]: ci-info: +--------+-------+----------------------------+---------------+-------+-------------------+
[[0;32m  OK  [0m] Reached target System Initialization.
[   36.694760] cloud-init[1057]: ci-info: +++++++++++++++++++++++++++Route IPv4 info++++++++++++++++++++++++++++
[   36.779834] cloud-init[1057]: ci-info: +-------+-------------+----------+---------------+-----------+-------+
         Starting Socket activation for snappy daemon.
[   36.780421] cloud-init[1057]: ci-info: | Route | Destination | Gateway  |    Genmask    | Interface | Flags |
[   36.828353] cloud-init[1057]: ci-info: +-------+-------------+----------+---------------+-----------+-------+
[   36.829281] cloud-init[1057]: ci-info: |   0   |   0.0.0.0   | 10.0.2.2 |    0.0.0.0    |   enp0s3  |   UG  |
         Starting LXD - unix socket.
[   36.829609] cloud-init[1057]: ci-info: |   1   |   10.0.2.0  | 0.0.0.0  | 255.255.255.0 |   enp0s3  |   U   |
[   36.901546] cloud-init[1057]: ci-info: +-------+-------------+----------+---------------+-----------+-------+
[[0;32m  OK  [0m] Started Daily apt activities.
[   36.901811] cloud-init[1057]: Generating public/private rsa key pair.
[   36.968758] cloud-init[1057]: Your identification has been saved in /etc/ssh/ssh_host_rsa_key.
[[0;32m  OK  [0m] Started Trigger resolvconf update for networkd DNS.
[   36.968960] cloud-init[1057]: Your public key has been saved in /etc/ssh/ssh_host_rsa_key.pub.
[   36.992925] cloud-init[1057]: The key fingerprint is:
[[0;32m  OK  [0m] Listening on UUID daemon activation socket.
[   36.993145] cloud-init[1057]: SHA256:c9Aoct/16TFzwEcnOCTA1CF2k1cqwkzu9zVgBTcE0CU root@ubuntu-xenial
[   37.128550] cloud-init[1057]: The key's randomart image is:
[   37.129087] cloud-init[1057]: +---[RSA 2048]----+
[[0;32m  OK  [0m] Started ACPI Events Check.
[   37.129374] cloud-init[1057]: |       o*o**EBO o|
[   37.209335] cloud-init[1057]: |       *.=oo=* +.|
[[0;32m  OK  [0m] Reached target Paths.
[   37.209562] cloud-init[1057]: |    . o B o.=.o .|
[[0;32m  OK  [0m] Started Timer to automatically refresh installed snaps.
[[   37.328518] cloud-init[1057]: |     o + + + o + |
[   37.340164] cloud-init[1057]: |        S +   O .|
[0;32m  OK  [0m] Listening on D-Bus System Message Bus Socket.
[   37.340344] cloud-init[1057]: |         + . o * |
[   37.349606] cloud-init[1057]: |            . .  |
[[0;32m  OK  [0m] Started Daily Cleanup of Temporary Directories.
[[   37.349791] cloud-init[1057]: |                 |
[   37.410668] cloud-init[1057]: |                 |
[0;32m  OK  [0m] Reached target Timers.
[   37.410846] cloud-init[1057]: +----[SHA256]-----+
[   37.415210] cloud-init[1057]: Generating public/private dsa key pair.
[[0;32m  OK  [0m] Listening on ACPID Listen Socket.
[   37.415391] cloud-init[1057]: Your identification has been saved in /etc/ssh/ssh_host_dsa_key.
[   37.475879] cloud-init[1057]: Your public key has been saved in /etc/ssh/ssh_host_dsa_key.pub.
[[0;32m  OK  [0m] Reached target Cloud-config availability.
[   37.476411] cloud-init[1057]: The key fingerprint is:
[   37.552747] cloud-init[1057]: SHA256:bJgsFnBaFm0lAVIy9Up7NHCopc+iOwYOZV/9bhM4uDc root@ubuntu-xenial
[   37.553748] cloud-init[1057]: The key's randomart image is:
[[0;32m  OK  [0m] Listening on Socket activation for snappy daemon.
[[   37.554287] cloud-init[1057]: +---[DSA 1024]----+
[   37.645042] cloud-init[1057]: |  =oX=+o.        |
[0;32m  OK  [0m] Listening on LXD - unix socket.
[   37.645463] cloud-init[1057]: |   Xo+o.         |
[   37.698491] cloud-init[1057]: |  .+o.+.         |
[[0;32m  OK  [0m] Started iSCSI initiator daemon (iscsid).
[   37.699019] cloud-init[1057]: |  =. *.=.        |
[   37.757785] cloud-init[1057]: | o +=.=.So       |
[   37.789140] cloud-init[1057]: |o ..+o..o o      |
[   37.790129] cloud-init[1057]: |+. .   . o .     |
         Starting Login to default iSCSI targets...
[   37.790649] cloud-init[1057]: |oo    . E +      |
[   37.897575] cloud-init[1057]: |oo     . o .     |
[[0;32m  OK  [0m] Reached target Sockets.
[   37.898100] cloud-init[1057]: +----[SHA256]-----+
[   37.970280] cloud-init[1057]: Generating public/private ecdsa key pair.
[[0;32m  OK  [0m] Reached target Basic System.
[   37.971782] cloud-init[1057]: Your identification has been saved in /etc/ssh/ssh_host_ecdsa_key.
[   38.023266] cloud-init[1057]: Your public key has been saved in /etc/ssh/ssh_host_ecdsa_key.pub.
[   38.068664] cloud-init[1057]: The key fingerprint is:
[   38.069248] cloud-init[1057]: SHA256:jB2EqypGWtgrmh24dMAVB40SAbg5+/xC6FaNTnEEk8Y root@ubuntu-xenial
         Starting Pollinate to seed the pseudo random number generator...
[   38.069518] cloud-init[1057]: The key's randomart image is:
[   38.165683] cloud-init[1057]: +---[ECDSA 256]---+
[   38.201311] cloud-init[1057]: |+o+=*. ..        |
[   38.234304] cloud-init[1057]: |.. E+o..         |
[   38.234823] cloud-init[1057]: | oo..  ..        |
[[0;32m  OK  [0m] Started Snappy daemon.
[   38.235093] cloud-init[1057]: |= .. ..+ .       |
[   38.281033] cloud-init[1057]: | O  =.. S        |
[   38.281567] cloud-init[1057]: |+o=+..           |
         Starting LXD - container startup/shutdown...
[   38.281851] cloud-init[1057]: |=*=+             |
[   38.380603] cloud-init[1057]: |=BBo             |
[   38.381205] cloud-init[1057]: |Bo.o.            |
[   38.381495] cloud-init[1057]: +----[SHA256]-----+
[   38.381760] cloud-init[1057]: Generating public/private ed25519 key pair.
[   38.382034] cloud-init[1057]: Your identification has been saved in /etc/ssh/ssh_host_ed25519_key.
[   38.382338] cloud-init[1057]: Your public key has been saved in /etc/ssh/ssh_host_ed25519_key.pub.
[   38.382580] cloud-init[1057]: The key fingerprint is:
[   38.382884] cloud-init[1057]: SHA256:RffhWBciRGX3PcXHP5qDvu+JybBapOfCdK5GzM87I6M root@ubuntu-xenial
[   38.383121] cloud-init[1057]: The key's randomart image is:
[   38.383399] cloud-init[1057]: +--[ED25519 256]--+
[   38.383666] cloud-init[1057]: |          ++o+o=+|
[   38.383931] cloud-init[1057]: |         . .o=ooB|
[[0;32m  OK  [0m] Started D-Bus System Message Bus.
[   38.384598] cloud-init[1057]: |          . . o.=|
[   38.744887] cloud-init[1057]: |         .     .o|
[   38.749748] cloud-init[1057]: |      o S.  . o .|
[   38.785334] cloud-init[1057]: |       =o. . +   |
[   38.790111] cloud-init[1057]: |      +.=+.   .  |
[   38.793877] cloud-init[1057]: |       *+*+.o .  |
[   38.808615] cloud-init[1057]: |     Eoo*++=++   |
[   38.852375] cloud-init[1057]: +----[SHA256]-----+
         Starting LSB: Record successful boot for GRUB...
[[0;32m  OK  [0m] Started FUSE filesystem for LXC.
[[0;32m  OK  [0m] Started ACPI event daemon.
         Starting LSB: MD monitoring daemon...
[[0;32m  OK  [0m] Started Deferred execution scheduler.
[[0;32m  OK  [0m] Started Regular background program processing daemon.
         Starting Apply the settings specified in cloud-config...
         Starting /etc/rc.local Compatibility...
         Starting Accounts Service...
         Starting System Logging Service...
         Starting Login Service...
         Starting Auto import assertions from block devices...
[[0;32m  OK  [0m] Started /etc/rc.local Compatibility.
[[0;32m  OK  [0m] Started Auto import assertions from block devices.
[[0;32m  OK  [0m] Started LSB: Record successful boot for GRUB.
[[0;32m  OK  [0m] Started Login Service.
[[0;32m  OK  [0m] Started Login to default iSCSI targets.
[[0;32m  OK  [0m] Reached target Remote File Systems (Pre).
[[0;32m  OK  [0m] Reached target Remote File Systems.
         Starting LSB: daemon to balance interrupts for SMP systems...
         Starting LSB: VirtualBox Linux Additions...
         Starting LSB: automatic crash report generation...
         Starting LSB: Set the CPU Frequency Scaling governor to "ondemand"...
         Starting Permit User Sessions...
[[0;32m  OK  [0m] Started LSB: Set the CPU Frequency Scaling governor to "ondemand".
[[0;32m  OK  [0m] Started Permit User Sessions.
         Starting Terminate Plymouth Boot Screen...
         Starting Hold until boot process finishes up...
[[0;32m  OK  [0m] Started Terminate Plymouth Boot Screen.
[[0;32m  OK  [0m] Started Hold until boot process finishes up.
[[0;32m  OK  [0m] Started LSB: MD monitoring daemon.
[[0;32m  OK  [0m] Started Getty on tty1.
[[0;32m  OK  [0m] Started Serial Getty on ttyS0.
[[0;32m  OK  [0m] Reached target Login Prompts.
         Starting Set console scheme...
[[0;32m  OK  [0m] Started Set console scheme.
[[0;32m  OK  [0m] Started LSB: automatic crash report generation.
[[0;32m  OK  [0m] Started System Logging Service.
[   41.663640] cloud-init[1221]: Generating locales (this might take a while)...
[[0;32m  OK  [0m] Started LSB: daemon to balance interrupts for SMP systems.
[[0;32m  OK  [0m] Started LSB: VirtualBox Linux Additions.
         Starting Authenticate and Authorize Users to Run Privileged Tasks...
[[0;32m  OK  [0m] Started Authenticate and Authorize Users to Run Privileged Tasks.
[[0;32m  OK  [0m] Started Accounts Service.
[[0;32m  OK  [0m] Started LXD - container startup/shutdown.
[   45.015124] cloud-init[1221]:   en_US.UTF-8... done
[   45.046784] cloud-init[1221]: Generation complete.
[[0;32m  OK  [0m] Stopped OpenBSD Secure Shell server.
         Starting OpenBSD Secure Shell server...
[[0;32m  OK  [0m] Started OpenBSD Secure Shell server.
[   46.951540] cloud-init[1221]: Cloud-init v. 0.7.8 running 'modules:config' at Wed, 15 Feb 2017 10:34:53 +0000. Up 40.05 seconds.

Ubuntu 16.04.1 LTS ubuntu-xenial ttyS0

ubuntu-xenial login: ci-info: no authorized ssh keys fingerprints found for user ubuntu.
<14>Feb 15 10:35:03 ec2: 
<14>Feb 15 10:35:03 ec2: #############################################################
<14>Feb 15 10:35:03 ec2: -----BEGIN SSH HOST KEY FINGERPRINTS-----
<14>Feb 15 10:35:03 ec2: 1024 SHA256:bJgsFnBaFm0lAVIy9Up7NHCopc+iOwYOZV/9bhM4uDc root@ubuntu-xenial (DSA)
<14>Feb 15 10:35:03 ec2: 256 SHA256:jB2EqypGWtgrmh24dMAVB40SAbg5+/xC6FaNTnEEk8Y root@ubuntu-xenial (ECDSA)
<14>Feb 15 10:35:03 ec2: 256 SHA256:RffhWBciRGX3PcXHP5qDvu+JybBapOfCdK5GzM87I6M root@ubuntu-xenial (ED25519)
<14>Feb 15 10:35:03 ec2: 2048 SHA256:c9Aoct/16TFzwEcnOCTA1CF2k1cqwkzu9zVgBTcE0CU root@ubuntu-xenial (RSA)
<14>Feb 15 10:35:03 ec2: -----END SSH HOST KEY FINGERPRINTS-----
<14>Feb 15 10:35:03 ec2: #############################################################
-----BEGIN SSH HOST KEY KEYS-----
ecdsa-sha2-nistp256 AAAAE2VjZHNhLXNoYTItbmlzdHAyNTYAAAAIbmlzdHAyNTYAAABBBE/faOsCCTxWV3ihMhSmT6NwMnI7eOaCCtzIm/AWO73JXuGOyii2SBU6DoO8CMXr5ZG/xaKyx5VTJNT3QsDUVV4= root@ubuntu-xenial
ssh-ed25519 AAAAC3NzaC1lZDI1NTE5AAAAIFE84chhR22msdGyVaMCSFfYyIgMF18pSWg+SQrjtTrA root@ubuntu-xenial
ssh-rsa AAAAB3NzaC1yc2EAAAADAQABAAABAQC4hB0TTHk20mmZOw6REoT1r1iehrsJMjR4rjkduXlwUp/iqXV4PDfH5gJz/fGJdYUYzLbNJ2rRRzKuSorydVobevdld3TKKuvWOpBSZv7Bbkg48n3+SHb7+bzh87xBHt7tjgpm+WJqLteWgRYrlST5Q6q9u5FvnGsuh2wmwqWApHj+XA4Ltk8uDgfPA8X5QyTiHosWYK6JO0maYCcjWmtMZ5k1xrsJeKrGzzwM9/An/c77T1X8iz0vZRfpLQvoDyXOYBxY9PnX1ai1x545wXkfhQ4gLQoOI2bVbK97sKQMInsL79Zr2ac9bF5mMFjbhxkalMSaKh++tPytgrZzC9jD root@ubuntu-xenial
-----END SSH HOST KEY KEYS-----
[   49.634890] cloud-init[1424]: Cloud-init v. 0.7.8 running 'modules:final' at Wed, 15 Feb 2017 10:35:02 +0000. Up 49.23 seconds.
[   49.635117] cloud-init[1424]: ci-info: no authorized ssh keys fingerprints found for user ubuntu.
[   49.635269] cloud-init[1424]: Cloud-init v. 0.7.8 finished at Wed, 15 Feb 2017 10:35:03 +0000. Datasource DataSourceNoCloud [seed=/dev/sdb][dsmode=net].  Up 49.60 seconds
[[0;32m  OK  [0m] Stopped target Cloud-init target.
[[0;32m  OK  [0m] Stopped Execute cloud user/final scripts.
[[0;32m  OK  [0m]          Stopping Serial Getty on ttyS0...
         Stopping Getty on tty1...
         Stopping FUSE filesystem for LXC...
         Stopping LSB: daemon to balance interrupts for SMP systems...
         Stopping System Logging Service...
         Stopping OpenBSD Secure Shell server...
         Stopping Snappy daemon...
         Stopping Accounts Service...
         Stopping LSB: automatic crash report generation...
         Stopping LSB: Set the CPU Frequency Scaling governor to "ondemand"...
         Stopping Authenticate and Authorize Users to Run Privileged Tasks...
         Stopping Deferred execution scheduler...
[[0;32m  OK  [0m] Stopped target Timers.
[[0;32m  OK  [0m] Stopped Daily Cleanup of Temporary Directories.
[[0;32m  OK  [0m] Stopped Daily apt activities.
[[0;32m  OK  [0m] Stopped Timer to automatically refresh installed snaps.
[[0;32m  OK  [0m] Stopped target System Time Synchronized.
         Stopping ACPI event daemon...
         Stopping Regular background program processing daemon...
         Stopping Session 3 of user ubuntu.
[[0;32m  OK  [0m] Unmounted /var/lib/lxcfs.
[[0;32m  OK  [0m] Stopped ACPI event daemon.
[[0;32m  OK  [0m] Stopped Deferred execution scheduler.
[[0;32m  OK  [0m] Stopped Regular background program processing daemon.
[[0;32m  OK  [0m] Stopped Accounts Service.
[[0;32m  OK  [0m] Stopped System Logging Service.
[[0;32m  OK  [0m] Stopped Getty on tty1.
[[0;32m  OK  [0m] Stopped Snappy daemon.
[[0;32m  OK  [0m] Stopped Serial Getty on ttyS0.
[[0;32m  OK  [0m] Stopped Authenticate and Authorize Users to Run Privileged Tasks.
[[0;32m  OK  [0m] Stopped OpenBSD Secure Shell server.
[[0;32m  OK  [0m] Stopped User Manager for UID 1000.
[[0;32m  OK  [0m] Stopped D-Bus System Message Bus.
[[0;32m  OK  [0m] Stopped Session 3 of user ubuntu.
[[0;32m  OK  [0m] Stopped FUSE filesystem for LXC.
[[0;32m  OK  [0m] Stopped LXD - container startup/shutdown.
[[0;32m  OK  [0m] Removed slice User Slice of ubuntu.
         Stopping Login Service...
[[0;32m  OK  [0m] Removed slice system-serial\x2dgetty.slice.
[[0;32m  OK  [0m] Removed slice system-getty.slice.
         Stopping Permit User Sessions...
[[0;32m  OK  [0m] Stopped /etc/rc.local Compatibility.
[[0;32m  OK  [0m] Stopped Login Service.
[[0;32m  OK  [0m] Stopped LSB: MD monitoring daemon.
[[0;32m  OK  [0m] Stopped LSB: Record successful boot for GRUB.
[[0;32m  OK  [0m] Stopped LSB: daemon to balance interrupts for SMP systems.
[[0;32m  OK  [0m] Stopped LSB: automatic crash report generation.
[[0;32m  OK  [0m] Stopped LSB: Set the CPU Frequency Scaling governor to "ondemand".
[[0;32m  OK  [0m] Stopped LSB: VirtualBox Linux Additions.
[[0;32m  OK  [0m] Stopped Permit User Sessions.
[[0;32m  OK  [0m] Stopped target Remote File Systems.
[[0;32m  OK  [0m] Stopped target Remote File Systems (Pre).
         Stopping Login to default iSCSI targets...
[[0;32m  OK  [0m] Stopped target User and Group Name Lookups.
[[0;32m  OK  [0m] Stopped Login to default iSCSI targets.
         Stopping iSCSI initiator daemon (iscsid)...
[[0;32m  OK  [0m] Stopped iSCSI initiator daemon (iscsid).
[[0;32m  OK  [0m] Stopped target Network is Online.
[[0;32m  OK  [0m] Stopped GlassFish Server v4.1.
[[0;32m  OK  [0m] Stopped target Network.
[[0;32m  OK  [0m] Stopped target Basic System.
[[0;32m  OK  [0m] Stopped target Slices.
[[0;32m  OK  [0m] Removed slice User and Session Slice.
[[0;32m  OK  [0m] Stopped target Sockets.
[[0;32m  OK  [0m] Closed Socket activation for snappy daemon.
[[0;32m  OK  [0m] Closed ACPID Listen Socket.
[[0;32m  OK  [0m] Closed Syslog Socket.
[[0;32m  OK  [0m] Closed LXD - unix socket.
[[0;32m  OK  [0m] Closed UUID daemon activation socket.
[[0;32m  OK  [0m] Closed D-Bus System Message Bus Socket.
[[0;32m  OK  [0m] Stopped target Paths.
[[0;32m  OK  [0m] Stopped Forward Password Requests to Wall Directory Watch.
[[0;32m  OK  [0m] Stopped ACPI Events Check.
[[0;32m  OK  [0m] Stopped Trigger resolvconf update for networkd DNS.
[[0;32m  OK  [0m] Stopped target System Initialization.
[[0;32m  OK  [0m] Stopped target Encrypted Volumes.
[[0;32m  OK  [0m] Stopped Initial cloud-init job (metadata service crawler).
         Stopping Raise network interfaces...
[[0;32m  OK  [0m] Stopped Commit a transient machine-id on disk.
         Stopping Update UTMP about System Boot/Shutdown...
         Stopping Load/Save Random Seed...
[[0;32m  OK  [0m] Stopped target Swap.
[[0;32m  OK  [0m] Stopped Dispatch Password Requests to Console Directory Watch.
[[0;32m  OK  [0m] Stopped Load/Save Random Seed.
[[0;32m  OK  [0m] Stopped Update UTMP about System Boot/Shutdown.
[[0;32m  OK  [0m] Stopped Create Volatile Files and Directories.
[[0;32m  OK  [0m] Stopped Raise network interfaces.
[[0;32m  OK  [0m] Stopped Apply Kernel Variables.
[[0;32m  OK  [0m] Stopped Load Kernel Modules.
[[0;32m  OK  [0m] Stopped target Local File Systems.
         Starting Unattended Upgrades Shutdown...
         Unmounting /run/user/1000...
         Unmounting /vagrant...
[[0;32m  OK  [0m] Stopped target Network (Pre).
[[0;32m  OK  [0m] Stopped Initial cloud-init job (pre-networking).
[[0;32m  OK  [0m] Unmounted /run/user/1000.
[[0;32m  OK  [0m] Unmounted /vagrant.
[[0;32m  OK  [0m] Reached target Unmount All Filesystems.
[[0;32m  OK  [0m] Stopped target Local File Systems (Pre).
[[0;32m  OK  [0m] Stopped Remount Root and Kernel File Systems.
[[0;32m  OK  [0m] Stopped Create Static Device Nodes in /dev.
         Stopping Monitoring of LVM2 mirrors... dmeventd or progress polling...
[[0;32m  OK  [0m] Stopped Monitoring of LVM2 mirrors,...ng dmeventd or progress polling.
         Stopping LVM2 metadata daemon...
[[0;32m  OK  [0m] Stopped LVM2 metadata daemon.
[[0;32m  OK  [0m] Started Unattended Upgrades Shutdown.
[[0;32m  OK  [0m] Reached target Shutdown.
[  865.218749] reboot: Power down
